<html>
<body>
<pre>
<h1>礦ision Build Log</h1>
<h2>Tool Versions:</h2>
IDE-Version: μVision V5.28.0.0
Copyright (C) 2019 ARM Ltd and ARM Germany GmbH. All rights reserved.
License Information: feng xx, inah, LIC=50DRA-1VSR7-GMI99-4IH9X-DYASQ-N9V0I
 
Tool Versions:
Toolchain:       MDK-ARM Professional  Version: 5.28.0.0
Toolchain Path:  C:\Keil_v5\ARM\ARMCC\Bin
C Compiler:      Armcc.exe V5.06 update 6 (build 750)
Assembler:       Armasm.exe V5.06 update 6 (build 750)
Linker/Locator:  ArmLink.exe V5.06 update 6 (build 750)
Library Manager: ArmAr.exe V5.06 update 6 (build 750)
Hex Converter:   FromElf.exe V5.06 update 6 (build 750)
CPU DLL:         SARMCM3.DLL V5.28.0.0
Dialog DLL:      DCM.DLL V1.17.3.0
Target DLL:      CMSIS_AGDI.dll V1.31.18.0
Dialog DLL:      TCM.DLL V1.36.2.0
 
<h2>Project:</h2>
D:\iSMELA\project\two_BLDC\code\STM32\STM32H743BLDC\USART_test\MDK-ARM\USART_test.uvprojx
Project File Date:  07/24/2020

<h2>Output:</h2>
*** Using Compiler 'V5.06 update 6 (build 750)', folder: 'C:\Keil_v5\ARM\ARMCC\Bin'
Build target 'USART_test'
compiling main.c...
../Src/main.c(99): warning:  #223-D: function "memcpy" declared implicitly
  	memcpy(txbuf,"这是一个从STM32发送到电脑的数据\n",100);// 复制"这是一个从STM32发送到电脑的数据\n"到txbuf
../Src/main.c(100): warning:  #223-D: function "strlen" declared implicitly
  	HAL_UART_Transmit(&huart1,txbuf,strlen((char *) txbuf),1000);// 串口发送函数
../Src/main.c(107): warning:  #167-D: argument of type "volatile uint8_t *" is incompatible with parameter of type "uint8_t *"
  	HAL_UART_Receive_IT(&huart1,&aRxBuffer,1); //接收到一个数据就会产生中断
../Src/main.c(128): warning:  #167-D: argument of type "volatile uint8_t *" is incompatible with parameter of type "uint8_t *"
  	HAL_UART_Transmit(&huart1,&aRxBuffer,1,0);//发送接收到的一个数据
../Src/main.c(129): warning:  #167-D: argument of type "volatile uint8_t *" is incompatible with parameter of type "uint8_t *"
  	HAL_UART_Receive_IT(&huart1,&aRxBuffer,1);//使能重新接收一个数据
../Src/main.c: 5 warnings, 0 errors
linking...
Program Size: Code=14136 RO-data=712 RW-data=24 ZI-data=1168  
FromELF: creating hex file...
"USART_test\USART_test.axf" - 0 Error(s), 5 Warning(s).

<h2>Software Packages used:</h2>

Package Vendor: ARM
                http://www.keil.com/pack/ARM.CMSIS.5.5.1.pack
                ARM.CMSIS.5.5.1
                CMSIS (Cortex Microcontroller Software Interface Standard)
   * Component: CORE Version: 5.2.0

Package Vendor: Keil
                https://www.keil.com/pack/Keil.STM32H7xx_DFP.2.3.1.pack
                Keil.STM32H7xx_DFP.2.3.1
                STMicroelectronics STM32H7 Series Device Support and Examples

<h2>Collection of Component include folders:</h2>
  .\RTE\_USART_test
  C:\Users\xufeng\AppData\Local\Arm\Packs\ARM\CMSIS\5.5.1\CMSIS\Core\Include
  C:\Users\xufeng\AppData\Local\Arm\Packs\Keil\STM32H7xx_DFP\2.3.1\Drivers\CMSIS\Device\ST\STM32H7xx\Include

<h2>Collection of Component Files used:</h2>

   * Component: ARM::CMSIS:CORE:5.2.0
Build Time Elapsed:  00:00:07
</pre>
</body>
</html>
